
> ai-ticket-assistant@1.0.0 dev
> nodemon index.js

[33m[nodemon] 3.1.10[39m
[33m[nodemon] to restart at any time, enter `rs`[39m
[33m[nodemon] watching path(s): *.*[39m
[33m[nodemon] watching extensions: js,mjs,cjs,json[39m
[32m[nodemon] starting `node index.js`[39m
MongoDB connected ✅
🚀 Server at http://localhost:3000
[32m[nodemon] restarting due to changes...[39m
[32m[nodemon] restarting due to changes...[39m
[32m[nodemon] starting `node index.js`[39m
MongoDB connected ✅
🚀 Server at http://localhost:Mongo[32m[nodemon] restarting due to changes...[39m
[32m[nodemon] starting `node index.js`[39m
MongoDB connected ✅
🚀 Server at http://localhost:3000
[32m[nodemon] restarting due to changes...[39m
[32m[nodemon] starting `node index.js`[39m
MongoDB connected ✅
🚀 Server at http://localhost:3000
[32m[nodemon] restarting due to changes...[39m
[32m[nodemon] starting `node index.js`[39m
MongoDB connected ✅
🚀 Server at http://localhost:3000
Message sent: <d8a89006-ba33-30bf-0669-41fbc5d218b1@ticketwise.app>
Successfully processed ticket 69fdc95a1245904730f7f5db
[32m[nodemon] restarting due to changes...[39m
[32m[nodemon] restarting due to changes...[39m
[32m[nodemon] starting `node index.js`[39m
MongoDB connected ✅
🚀 Server at http://localhost:3000
[32m[nodemon] restarting due to changes...[39m
[32m[nodemon] starting `node index.js`[39m
MongoDB connected ✅
🚀 Server at http://localhost:MongoDB connected ✅
🚀 Server at http://localhost:3000
